                                                                                
                                ┌─────────────────────┐                           
                                │....II....π....II....│                            
                                │...II....###....II...│                       
                                │..II.....###.....II..│                       
                                │.........###.........│                         
                                │..II.....###.....II..│                          
                                │.........###.........│                         
                                │..II.....###.....II..│                       
                                │.........###.........│                       
                                │.....................│                       
                                ├────────.....────────┤                       
                                │.....................│                       
                                │..II.............II..│                       
                                │.....................│                            
                                └─────────────────────┘                         
                                                                                
                                                                                
                                                                                
                                                                                